// Jest Snapshot v1, https://goo.gl/fbAQLP

exports[`PatientsListScreen matches the snapshot 1`] = `
<RNCSafeAreaView
  edges={
    {
      "bottom": "additive",
      "left": "additive",
      "right": "additive",
      "top": "additive",
    }
  }
  style={
    {
      "backgroundColor": "#00b4d8",
      "flex": 1,
    }
  }
>
  <TextInput
    onChangeText={[Function]}
    placeholder="Search patients..."
    style={
      {
        "backgroundColor": "#FFFFFF",
        "borderRadius": 10,
        "fontSize": 16,
        "margin": 10,
        "padding": 10,
      }
    }
    value=""
  />
  <RCTScrollView
    contentContainerStyle={
      {
        "padding": 10,
      }
    }
    data={[]}
    getItem={[Function]}
    getItemCount={[Function]}
    keyExtractor={[Function]}
    onContentSizeChange={[Function]}
    onLayout={[Function]}
    onMomentumScrollBegin={[Function]}
    onMomentumScrollEnd={[Function]}
    onScroll={[Function]}
    onScrollBeginDrag={[Function]}
    onScrollEndDrag={[Function]}
    removeClippedSubviews={false}
    renderItem={[Function]}
    scrollEventThrottle={0.0001}
    stickyHeaderIndices={[]}
    viewabilityConfigCallbackPairs={[]}
  >
    <View />
  </RCTScrollView>
</RNCSafeAreaView>
`;
